// Jest Snapshot v1, https://goo.gl/fbAQLP

exports[`Verify ReadAndConvertYaml renders correctly 1`] = `
<Styled(Modal)
  backdrop="static"
  keyboard={false}
  onHide={[Function]}
  show={true}
  size="xl"
>
  <ModalHeader
    closeButton={true}
    closeLabel="Close"
  >
    <ModalTitle>
      Change Control Loop Common Properties
    </ModalTitle>
  </ModalHeader>
  <br />
  <div
    style={
      Object {
        "padding": "5px 5px 0px 5px",
      }
    }
  >
    <ModalBody>
      <div
        id="editor"
      />
      <Styled(Alert)
        show={false}
        variant="danger"
      >
        Can't get service template:
        <br />
        {}
      </Styled(Alert)>
      <Styled(Alert)
        show={false}
        variant="danger"
      >
        Can't get common properties:
        <br />
        {}
      </Styled(Alert)>
    </ModalBody>
  </div>
  <styled.div />
  <ModalFooter>
    <Button
      active={false}
      disabled={false}
      onClick={[Function]}
      variant="primary"
    >
      Save
    </Button>
    <Button
      active={false}
      disabled={false}
      onClick={[Function]}
      variant="success mr-auto"
    >
      Commission
    </Button>
    <Button
      active={false}
      disabled={false}
      onClick={[Function]}
      variant="secondary"
    >
      Close
    </Button>
  </ModalFooter>
</Styled(Modal)>
`;
