// Jest Snapshot v1, https://goo.gl/fbAQLP

exports[`Verify ViewLoopTemplatesModal Test the tosca model view render method 1`] = `
<Styled(Modal)
  backdrop="static"
  keyboard={false}
  onHide={[Function]}
  show={true}
  size="xl"
>
  <ModalHeader
    closeButton={true}
    closeLabel="Close"
  />
  <ModalBody>
    <WithStyles(Component)
      columns={
        Array [
          Object {
            "cellStyle": Object {
              "border": "1px solid black",
            },
            "field": "index",
            "headerStyle": Object {
              "backgroundColor": "#ddd",
              "border": "2px solid black",
            },
            "render": [Function],
            "title": "#",
          },
          Object {
            "cellStyle": Object {
              "border": "1px solid black",
            },
            "field": "name",
            "headerStyle": Object {
              "backgroundColor": "#ddd",
              "border": "2px solid black",
            },
            "title": "Template Name",
          },
          Object {
            "cellStyle": Object {
              "border": "1px solid black",
            },
            "field": "modelService.serviceDetails.name",
            "headerStyle": Object {
              "backgroundColor": "#ddd",
              "border": "2px solid black",
            },
            "title": "Service Model Name",
          },
          Object {
            "cellStyle": Object {
              "border": "1px solid black",
            },
            "field": "allowedLoopType",
            "headerStyle": Object {
              "backgroundColor": "#ddd",
              "border": "2px solid black",
            },
            "title": "Loop Type Allowed",
          },
          Object {
            "cellStyle": Object {
              "border": "1px solid black",
            },
            "field": "maximumInstancesAllowed",
            "headerStyle": Object {
              "backgroundColor": "#ddd",
              "border": "2px solid black",
            },
            "title": "# Instances Allowed",
          },
          Object {
            "cellStyle": Object {
              "border": "1px solid black",
            },
            "editable": "never",
            "field": "updatedDate",
            "headerStyle": Object {
              "backgroundColor": "#ddd",
              "border": "2px solid black",
            },
            "title": "Modified Date",
          },
        ]
      }
      data={Array []}
      icons={
        Object {
          "FirstPage": Object {
            "$$typeof": Symbol(react.forward_ref),
            "render": [Function],
          },
          "LastPage": Object {
            "$$typeof": Symbol(react.forward_ref),
            "render": [Function],
          },
          "NextPage": Object {
            "$$typeof": Symbol(react.forward_ref),
            "render": [Function],
          },
          "PreviousPage": Object {
            "$$typeof": Symbol(react.forward_ref),
            "render": [Function],
          },
          "ResetSearch": Object {
            "$$typeof": Symbol(react.forward_ref),
            "render": [Function],
          },
          "Search": Object {
            "$$typeof": Symbol(react.forward_ref),
            "render": [Function],
          },
          "SortArrow": Object {
            "$$typeof": Symbol(react.forward_ref),
            "render": [Function],
          },
        }
      }
      onRowClick={[Function]}
      options={
        Object {
          "headerStyle": Object {
            "backgroundColor": "#ddd",
            "border": "1px solid black",
            "fontSize": "15pt",
            "text": "bold",
          },
          "rowStyle": [Function],
        }
      }
      title="View Blueprint MicroService Templates"
    />
    <withRouter(SvgGenerator)
      clickable={false}
      generatedFrom="TEMPLATE"
      loopCache={
        LoopCache {
          "loopJsonCache": Object {},
        }
      }
    />
  </ModalBody>
  <ModalFooter>
    <Button
      active={false}
      disabled={false}
      onClick={[Function]}
      variant="secondary"
    >
      Close
    </Button>
  </ModalFooter>
</Styled(Modal)>
`;
