// Jest Snapshot v1, https://goo.gl/fbAQLP

exports[`Verify InstancePropertiesModal renders correctly 1`] = `
<Styled(Modal)
  backdrop="static"
  keyboard={false}
  onHide={[Function]}
  show={true}
  size="xl"
>
  <ModalHeader
    closeButton={true}
    closeLabel="Close"
  >
    <ModalTitle>
      Create Tosca Instance Properties
    </ModalTitle>
  </ModalHeader>
  <div
    style={
      Object {
        "padding": "5px 5px 0 5px",
      }
    }
  >
    <ModalBody>
      <FormGroup
        as={
          Object {
            "$$typeof": Symbol(react.forward_ref),
            "defaultProps": Object {
              "noGutters": false,
            },
            "render": [Function],
          }
        }
        controlId="formPlaintextEmail"
      >
        <FormLabel
          column={true}
          sm="2"
          srOnly={false}
        >
          Instance Name:
        </FormLabel>
        <input
          onChange={[Function]}
          sm="5"
          style={
            Object {
              "width": "50%",
            }
          }
          type="text"
          value=""
        />
      </FormGroup>
      <div
        id="editor"
      />
      <Styled(Alert)
        show={false}
        variant="danger"
      >
        Can't get service template:
        <br />
        {}
      </Styled(Alert)>
      <Styled(Alert)
        show={false}
        variant="danger"
      >
        Can't get instance properties:
        <br />
        {}
      </Styled(Alert)>
    </ModalBody>
    <styled.div />
  </div>
  <ModalFooter>
    <Button
      active={false}
      disabled={false}
      onClick={[Function]}
      variant="primary"
    >
      Save
    </Button>
    <Button
      active={false}
      disabled={false}
      onClick={[Function]}
      variant="secondary"
    >
      Close
    </Button>
  </ModalFooter>
</Styled(Modal)>
`;
