// Jest Snapshot v1, https://goo.gl/fbAQLP

exports[`Verify InstantiationElementItem renders correctly 1`] = `<Fragment />`;

exports[`Verify InstantiationElementItem renders correctly when orderState is passive 1`] = `<Fragment />`;

exports[`Verify InstantiationElementItem renders correctly when orderState is running 1`] = `<Fragment />`;

exports[`Verify InstantiationElementItem renders correctly when orderState is uninitialized 1`] = `<Fragment />`;
