// Jest Snapshot v1, https://goo.gl/fbAQLP

exports[`Verify UploadToscaFile renders correctly 1`] = `
<Fragment>
  <Button
    active={false}
    block={true}
    disabled={false}
    onClick={[Function]}
    type="submit"
    variant="primary"
  >
    Upload Tosca Service Template
  </Button>
</Fragment>
`;
