// Jest Snapshot v1, https://goo.gl/fbAQLP

exports[`Verify UserInfoModal Test the render method full permission 1`] = `
<Styled(Modal)
  onHide={[Function]}
  show={true}
  size="lg"
>
  <ModalHeader
    closeButton={true}
    closeLabel="Close"
  >
    <ModalTitle>
      User Info
    </ModalTitle>
  </ModalHeader>
  <ModalBody>
    <FormGroup
      as={
        Object {
          "$$typeof": Symbol(react.forward_ref),
          "defaultProps": Object {
            "noGutters": false,
          },
          "render": [Function],
        }
      }
      controlId="userName"
    >
      <FormLabel
        column={true}
        sm="3"
        srOnly={false}
      >
        Current User:
      </FormLabel>
      <Col>
        <FormControl
          defaultValue="test"
          plaintext={true}
          readOnly={true}
        />
      </Col>
    </FormGroup>
    <FormGroup
      as={
        Object {
          "$$typeof": Symbol(react.forward_ref),
          "defaultProps": Object {
            "noGutters": false,
          },
          "render": [Function],
        }
      }
      controlId="cldsVersion"
    >
      <FormLabel
        column={true}
        sm="3"
        srOnly={false}
      >
        CLDS Version:
      </FormLabel>
      <Col>
        <FormControl
          defaultValue="1.0.0"
          plaintext={true}
          readOnly={true}
        />
      </Col>
    </FormGroup>
    <FormGroup
      as={
        Object {
          "$$typeof": Symbol(react.forward_ref),
          "defaultProps": Object {
            "noGutters": false,
          },
          "render": [Function],
        }
      }
      controlId="userPermissions"
    >
      <FormLabel
        column={true}
        sm="3"
        srOnly={false}
      >
        User Permissions:
      </FormLabel>
      <Col>
        <FormControl
          defaultValue="permission1"
          key="permission1"
          plaintext={true}
          readOnly={true}
        />
        <FormControl
          defaultValue="permission2"
          key="permission2"
          plaintext={true}
          readOnly={true}
        />
      </Col>
    </FormGroup>
  </ModalBody>
  <ModalFooter>
    <Button
      active={false}
      disabled={false}
      onClick={[Function]}
      type="null"
      variant="secondary"
    >
      Cancel
    </Button>
  </ModalFooter>
</Styled(Modal)>
`;
