// Jest Snapshot v1, https://goo.gl/fbAQLP

exports[`Verify DeployLoopModal Test the render method 1`] = `
<Styled(Modal)
  backdrop="static"
  keyboard={false}
  onHide={[Function]}
  show={true}
  size="lg"
>
  <ModalHeader
    closeButton={true}
    closeLabel="Close"
  >
    <ModalTitle>
      Deployment parameters
    </ModalTitle>
  </ModalHeader>
  <Tabs
    activeKey="testMs"
    id="controlled-tab-example"
    mountOnEnter={false}
    onSelect={[Function]}
    unmountOnExit={false}
    variant="tabs"
  >
    <Tab
      eventKey="testMs"
      key="testMs"
      title="testMs"
    >
      <Styled(FormGroup)
        key="location_id"
      >
        <FormLabel
          column={false}
          srOnly={false}
        >
          location_id
        </FormLabel>
        <FormControl
          defaultValue=""
          name="location_id"
          onChange={[Function]}
          type="text"
        />
      </Styled(FormGroup)>
      <Styled(FormGroup)
        key="policy_id"
      >
        <FormLabel
          column={false}
          srOnly={false}
        >
          policy_id
        </FormLabel>
        <FormControl
          defaultValue="TCA_h2NMX_v1_0_ResourceInstanceName1_tca"
          name="policy_id"
          onChange={[Function]}
          type="text"
        />
      </Styled(FormGroup)>
    </Tab>
  </Tabs>
  <div />
  <ModalFooter>
    <Button
      active={false}
      disabled={false}
      onClick={[Function]}
      type="null"
      variant="secondary"
    >
      Cancel
    </Button>
    <Button
      active={false}
      disabled={false}
      onClick={[Function]}
      type="submit"
      variant="primary"
    >
      Deploy
    </Button>
  </ModalFooter>
</Styled(Modal)>
`;
