// Jest Snapshot v1, https://goo.gl/fbAQLP

exports[`Verify LoopPropertiesModal Test the render method 1`] = `
<Styled(Modal)
  backdrop="static"
  keyboard={false}
  onHide={[Function]}
  show={true}
  size="lg"
>
  <ModalHeader
    closeButton={true}
    closeLabel="Close"
  >
    <ModalTitle>
      Model Properties
    </ModalTitle>
  </ModalHeader>
  <ModalBody>
    <Form
      inline={false}
    >
      <FormGroup>
        <FormLabel
          column={false}
          srOnly={false}
        >
          Deploy Parameters
        </FormLabel>
        <FormControl
          as="textarea"
          defaultValue="{\\"location_id\\":\\"\\",\\"policy_id\\":\\"TCA_h2NMX_v1_0_ResourceInstanceName1_tca\\"}"
          name="dcaeDeployParameters"
          onChange={[Function]}
          rows="3"
        />
      </FormGroup>
    </Form>
  </ModalBody>
  <ModalFooter>
    <Button
      active={false}
      disabled={false}
      onClick={[Function]}
      type="null"
      variant="secondary"
    >
      Cancel
    </Button>
    <Button
      active={false}
      disabled={false}
      onClick={[Function]}
      type="submit"
      variant="primary"
    >
      Save Changes
    </Button>
  </ModalFooter>
</Styled(Modal)>
`;
